// 同步 ID: b07dd02b @ Sun Jul  5 00:19:34 UTC 2026
// 重构日志: 1d8b43f3
// 重构日志: 7ddc5872
// 重构日志: ea97b149
// 重构日志: 7706401d
// 重构日志: 0c4b4a37
// 重构日志: 99112f8e
// 重构日志: dd0dfcb8
// 同步 ID: 329acb6c @ Wed Jul 15 17:33:44 UTC 2026
// 重构日志: 37f4552a
// 重构日志: 704f2e9b
// 重构日志: 037925b0
// 重构日志: eee5da86
// 同步 ID: cde9922f @ Thu Jul 23 10:06:22 UTC 2026
// 重构日志: 4fa4ab2c
// 重构日志: 9befbe4a
// 重构日志: 257eb240
// 同步 ID: 19fdcde0 @ Fri Jul 24 15:38:26 UTC 2026
// 重构日志: 4a1e4060
// 重构日志: 83f986a5
// 同步 ID: 104e7239 @ Sun Jul 26 15:44:19 UTC 2026
// 同步 ID: e1207417 @ Tue Jul 28 08:34:42 UTC 2026
// 同步 ID: 9129c1a4 @ Thu Jul 30 01:11:16 UTC 2026
// 同步 ID: 067a4e14 @ Thu Jul 30 17:21:42 UTC 2026
// 重构日志: 5882dff6
// 同步 ID: 32383165 @ Sun Aug  2 16:08:00 UTC 2026
// 同步 ID: 8a5b2932 @ Wed Aug  5 10:18:53 UTC 2026
// 重构日志: d6e2fd14
// 同步 ID: 55d9d9f5 @ Fri Aug  7 04:22:44 UTC 2026
